// Jest Snapshot v1, https://goo.gl/fbAQLP

exports[`test Render as spected 1`] = `"<div><h1>Home</h1><p>Lorem, ipsum dolor sit amet consectetur adipisicing elit. Dolores illo error excepturi velit vero sunt ex, voluptate placeat qui pariatur minima quidem nemo est quia fugit sed laborum recusandae esse similique nostrum assumenda. Deserunt distinctio quod, delectus aspernatur voluptas rerum. Nesciunt unde maiores iste expedita magni non necessitatibus consectetur accusantium, sunt iure beatae incidunt obcaecati. Non cumque iure voluptatem iste id? Nam aperiam hic alias doloribus est. Omnis, cupiditate temporibus?</p></div>"`;
